$ git push &> git-cmdlets-out.txt
fatal: No configured push destination.
Either specify the URL from the command-line or configure a remote repository using

    git remote add <name> <url>

and then push using the remote name

    git push <name>

$ git remote add origin https://github.com/koolo90/learning.git
$ git remote show &>> git-cmdlets-out.txt
origin

$ git status &? git-cmdlets-out.txtOn branch main

No commits yet

Untracked files:
  (use "git add <file>..." to include in what will be committed)
	.idea/
	git-cmdlets-out.txt

nothing added to commit but untracked files present (use "git add" to track)

$ git log -1 &>> git-cmdlets-out.txt
fatal: your current branch 'main' does not have any commits yet
